.map		dc.w .f1-.map
		dc.w .f2-.map
		dc.w .f3-.map
		dc.w .f4-.map
		dc.w .f5-.map
		dc.w .f6-.map
		dc.w .f7-.map
		dc.w .f8-.map
		dc.w .f9-.map
		dc.w .f10-.map
		dc.w .f11-.map
		dc.w .f12-.map
		dc.w .f13-.map
		dc.w .f14-.map
		dc.w .f15-.map
		dc.w .f16-.map
		dc.w .f17-.map
		dc.w .f18-.map
		dc.w .f19-.map
		dc.w .f20-.map
		dc.w .f21-.map
		dc.w .f22-.map
		dc.w .f23-.map
		dc.w .f24-.map
		dc.w .f25-.map
		dc.w .f26-.map
		dc.w .f27-.map
		dc.w .f28-.map
		dc.w .f29-.map
		dc.w .f30-.map
		dc.w .f31-.map
		dc.w .f32-.map
		dc.w .f33-.map
		dc.w .f34-.map
		dc.w .f35-.map
		dc.w .f36-.map
		dc.w .f37-.map
		dc.w .f38-.map
		dc.w .f39-.map
		dc.w .f40-.map
		dc.w .f41-.map
		dc.w .f42-.map
		dc.w .f43-.map
		dc.w .f44-.map
		dc.w .f45-.map
		dc.w .f46-.map
		dc.w .f47-.map
		dc.w .f48-.map
		dc.w .f49-.map
		dc.w .f50-.map
		dc.w .f51-.map
		dc.w .f52-.map
		dc.w .f53-.map
		dc.w .f54-.map
		dc.w .f55-.map
		dc.w .f56-.map
		dc.w .f57-.map
		dc.w .f58-.map
		dc.w .f59-.map
		dc.w .f60-.map
		dc.w .f61-.map
		dc.w .f62-.map
		dc.w .f63-.map
		dc.w .f64-.map
		dc.w .f65-.map
		dc.w .f66-.map
		dc.w .f67-.map
		dc.w .f68-.map
		dc.w .f69-.map
		dc.w .f70-.map
		dc.w .f71-.map
		dc.w .f72-.map
		dc.w .f73-.map
		dc.w .f74-.map
		dc.w .f75-.map
		dc.w .f76-.map
		dc.w .f77-.map
		dc.w .f78-.map
		dc.w .f79-.map
		dc.w .f80-.map
		dc.w .f81-.map
		dc.w .f82-.map
		dc.w .f83-.map
		dc.w .f84-.map
		dc.w .f85-.map
		dc.w .f86-.map
		dc.w .f87-.map
		dc.w .f88-.map
		dc.w .f89-.map
		dc.w .f90-.map
		dc.w .f91-.map
		dc.w .f92-.map
		dc.w .f93-.map
		dc.w .f94-.map
		dc.w .f95-.map
		dc.w .f96-.map
		dc.w .f97-.map
		dc.w .f98-.map
		dc.w .f99-.map
		dc.w .f100-.map
		dc.w .f101-.map
		dc.w .f102-.map
		dc.w .f103-.map
		dc.w .f104-.map
		dc.w .f105-.map
		dc.w .f106-.map
		dc.w .f107-.map
		dc.w .f108-.map
		dc.w .f109-.map
		dc.w .f110-.map
		dc.w .f111-.map
		dc.w .f112-.map
		dc.w .f113-.map
		dc.w .f114-.map
		dc.w .f115-.map
		dc.w .f116-.map
		dc.w .f117-.map
		dc.w .f118-.map
		dc.w .f119-.map
		dc.w .f120-.map
		dc.w .f121-.map
		dc.w .f122-.map
		dc.w .f123-.map
		dc.w .f124-.map
		dc.w .f125-.map
		dc.w .f126-.map
		dc.w .f127-.map
		dc.w .f128-.map
		dc.w .f129-.map
		dc.w .f130-.map
		dc.w .f131-.map
		dc.w .f132-.map
		dc.w .f133-.map
		dc.w .f134-.map
		dc.w .f135-.map
		dc.w .f136-.map
		dc.w .f137-.map
		dc.w .f138-.map
		dc.w .f139-.map
		dc.w .f140-.map
		dc.w .f141-.map
		dc.w .f142-.map
		dc.w .f143-.map
		dc.w .f144-.map
		dc.w .f145-.map
		dc.w .f146-.map
		dc.w .f147-.map
		dc.w .f148-.map
		dc.w .f149-.map
		dc.w .f150-.map
		dc.w .f151-.map
		dc.w .f152-.map
		dc.w .f153-.map
		dc.w .f154-.map
		dc.w .f155-.map
		dc.w .f156-.map
		dc.w .f157-.map
		dc.w .f158-.map
		dc.w .f159-.map
		dc.w .f160-.map
		dc.w .f161-.map
		dc.w .f162-.map
		dc.w .f163-.map
		dc.w .f164-.map
		dc.w .f165-.map
		dc.w .f166-.map
		dc.w .f167-.map
		dc.w .f168-.map
		dc.w .f169-.map
		dc.w .f170-.map
		dc.w .f171-.map
		dc.w .f172-.map
		dc.w .f173-.map
		dc.w .f174-.map
		dc.w .f175-.map
		dc.w .f176-.map
		dc.w .f177-.map
		dc.w .f178-.map
		dc.w .f179-.map
		dc.w .f180-.map
		dc.w .f181-.map
		dc.w .f182-.map
		dc.w .f183-.map
		dc.w .f184-.map
		dc.w .f185-.map
		dc.w .f186-.map
		dc.w .f187-.map
		dc.w .f188-.map
		dc.w .f189-.map
		dc.w .f190-.map
		dc.w .f191-.map
		dc.w .f192-.map
		dc.w .f193-.map
		dc.w .f194-.map
		dc.w .f195-.map
		dc.w .f196-.map
		dc.w .f197-.map
		dc.w .f198-.map
		dc.w .f199-.map
		dc.w .f200-.map
		dc.w .f201-.map
		dc.w .f202-.map
		dc.w .f203-.map
		dc.w .f204-.map
		dc.w .f205-.map
		dc.w .f206-.map
		dc.w .f207-.map
		dc.w .f208-.map
		dc.w .f209-.map
		dc.w .f210-.map
		dc.w .f211-.map
		dc.w .f212-.map
		dc.w .f213-.map
		dc.w .f214-.map
		dc.w .f215-.map
		dc.w .f216-.map
		dc.w .f217-.map
		dc.w .f218-.map
		dc.w .f219-.map
		dc.w .f220-.map
		dc.w .f221-.map
		dc.w .f222-.map
		dc.w .f223-.map
		dc.w .f224-.map
		dc.w .f225-.map
		dc.w .f226-.map
		dc.w .f227-.map
		dc.w .f228-.map
		dc.w .f229-.map
		dc.w .f230-.map
		dc.w .f231-.map
		dc.w .f232-.map
		dc.w .f233-.map
		dc.w .f234-.map
		dc.w .f235-.map
		dc.w .f236-.map
		dc.w .f237-.map
		dc.w .f238-.map
		dc.w .f239-.map
		dc.w .f240-.map
		dc.w .f241-.map
		dc.w .f242-.map
		dc.w .f243-.map
		dc.w .f244-.map
		dc.w .f245-.map
		dc.w .f246-.map
		dc.w .f247-.map
		dc.w .f248-.map
		dc.w .f249-.map
		dc.w .f250-.map

.f1		dynpc $000, 8
		dynpc $008, 6
		dynpc $00E, 9
		dynpe

.f2		dynpc $017, 12
		dynpc $023, 2
		dynpc $000, 8
		dynpe

.f3		dynpc $025, 9
		dynpc $02E, 4
		dynpc $032, 3
		dynpe

.f4		dynpc $035, 12
		dynpc $041, 6
		dynpe

.f5		dynpc $047, 12
		dynpc $053, 2
		dynpc $041, 6
		dynpe

.f6		dynpc $055, 12
		dynpc $061, 2
		dynpc $041, 6
		dynpe

.f7		dynpc $063, 9
		dynpc $02E, 4
		dynpc $032, 3
		dynpe

.f8		dynpc $06C, 9
		dynpc $000, 8
		dynpe

.f9		dynpc $0AF, 12
		dynpc $0BB, 8
		dynpc $0C3, 1
		dynpc $0C4, 4
		dynpe

.f10		dynpc $0C8, 12
		dynpc $0D4, 8
		dynpc $0DC, 2
		dynpc $0DE, 2
		dynpe

.f11		dynpc $0E0, 9
		dynpc $0E9, 2
		dynpc $0EB, 4
		dynpc $0EF, 4
		dynpe

.f12		dynpc $0F3, 12
		dynpc $0FF, 8
		dynpc $107, 2
		dynpc $109, 1
		dynpe

.f13		dynpc $10A, 12
		dynpc $116, 8
		dynpc $11E, 2
		dynpc $120, 6
		dynpe

.f14		dynpc $126, 16
		dynpc $136, 6
		dynpc $13C, 3
		dynpc $13F, 4
		dynpe

.f15		dynpc $143, 9
		dynpc $14C, 8
		dynpc $154, 2
		dynpc $156, 1
		dynpe

.f16		dynpc $157, 9
		dynpc $160, 3
		dynpc $163, 4
		dynpc $167, 4
		dynpe

.f17		dynpc $1EF, 6
		dynpc $1F5, 9
		dynpc $1FE, 8
		dynpe

.f18		dynpc $206, 12
		dynpc $212, 2
		dynpc $214, 8
		dynpe

.f19		dynpc $21C, 9
		dynpc $225, 6
		dynpc $22B, 1
		dynpe

.f20		dynpc $22C, 12
		dynpc $238, 8
		dynpe

.f21		dynpc $240, 2
		dynpc $242, 12
		dynpc $238, 8
		dynpe

.f22		dynpc $24E, 2
		dynpc $250, 12
		dynpc $25C, 6
		dynpc $262, 1
		dynpe

.f23		dynpc $263, 9
		dynpc $225, 6
		dynpc $22B, 1
		dynpe

.f24		dynpc $26C, 9
		dynpc $1FE, 8
		dynpe

.f25		dynpc $2E3, 12
		dynpc $2EF, 6
		dynpc $2F5, 4
		dynpc $2F9, 3
		dynpe

.f26		dynpc $2FC, 12
		dynpc $308, 2
		dynpc $30A, 4
		dynpc $30E, 6
		dynpe

.f27		dynpc $314, 9
		dynpc $31D, 4
		dynpc $321, 4
		dynpc $325, 2
		dynpe

.f28		dynpc $327, 12
		dynpc $333, 4
		dynpc $337, 4
		dynpc $33B, 3
		dynpe

.f29		dynpc $33E, 12
		dynpc $34A, 6
		dynpc $350, 8
		dynpc $358, 1
		dynpe

.f30		dynpc $359, 16
		dynpc $369, 3
		dynpc $36C, 2
		dynpc $36E, 8
		dynpe

.f31		dynpc $376, 9
		dynpc $37F, 4
		dynpc $383, 4
		dynpc $387, 3
		dynpe

.f32		dynpc $38A, 9
		dynpc $393, 4
		dynpc $397, 4
		dynpc $39B, 3
		dynpe

.f33		dynpc $421, 3
		dynpc $424, 16
		dynpe

.f34		dynpc $434, 3
		dynpc $437, 16
		dynpe

.f35		dynpc $421, 3
		dynpc $447, 16
		dynpe

.f36		dynpc $434, 3
		dynpc $457, 16
		dynpe

.f37		dynpc $48B, 12
		dynpc $497, 1
		dynpc $498, 4
		dynpc $49C, 3
		dynpe

.f38		dynpc $49F, 3
		dynpc $4A2, 16
		dynpe

.f39		dynpc $4B2, 12
		dynpc $4BE, 1
		dynpc $4BF, 4
		dynpc $4C3, 3
		dynpe

.f40		dynpc $49F, 3
		dynpc $4C6, 16
		dynpe

.f41		dynpc $504, 3
		dynpc $507, 16
		dynpe

.f42		dynpc $517, 3
		dynpc $51A, 16
		dynpe

.f43		dynpc $504, 3
		dynpc $52A, 16
		dynpe

.f44		dynpc $517, 3
		dynpc $53A, 16
		dynpe

.f45		dynpc $570, 2
		dynpc $572, 12
		dynpc $57E, 6
		dynpe

.f46		dynpc $584, 3
		dynpc $587, 16
		dynpe

.f47		dynpc $597, 2
		dynpc $599, 12
		dynpc $5A5, 6
		dynpe

.f48		dynpc $584, 3
		dynpc $5AB, 16
		dynpe

.f49		dynpc $5E6, 3
		dynpc $5E9, 12
		dynpc $5F5, 3
		dynpe

.f50		dynpc $5F8, 6
		dynpc $5FE, 4
		dynpc $602, 3
		dynpc $605, 2
		dynpe

.f51		dynpc $607, 2
		dynpc $609, 3
		dynpc $60C, 4
		dynpc $610, 2
		dynpe

.f52		dynpc $612, 3
		dynpc $615, 4
		dynpc $619, 3
		dynpc $61C, 4
		dynpe

.f53		dynpc $620, 2
		dynpc $622, 3
		dynpc $625, 4
		dynpc $629, 3
		dynpe

.f54		dynpc $62C, 2
		dynpc $62E, 8
		dynpc $636, 6
		dynpe

.f55		dynpc $63C, 16
		dynpc $64C, 3
		dynpe

.f56		dynpc $64F, 12
		dynpc $65B, 1
		dynpe

.f57		dynpc $65C, 2
		dynpc $65E, 8
		dynpc $666, 3
		dynpe

.f58		dynpc $669, 3
		dynpc $66C, 4
		dynpc $670, 3
		dynpc $673, 2
		dynpe

.f59		dynpc $675, 9
		dynpc $67E, 4
		dynpe

.f60		dynpc $682, 12
		dynpc $68E, 3
		dynpe

.f61		dynpc $691, 1
		dynpc $692, 12
		dynpc $69E, 3
		dynpe

.f62		dynpc $6A1, 12
		dynpe

.f63		dynpc $6AD, 3
		dynpc $6B0, 8
		dynpc $6B8, 2
		dynpe

.f64		dynpc $6BA, 3
		dynpc $6BD, 4
		dynpc $6C1, 3
		dynpc $6C4, 2
		dynpe

.f65		dynpc $6C6, 6
		dynpc $6CC, 4
		dynpc $6D0, 3
		dynpc $6D3, 2
		dynpe

.f66		dynpc $6D5, 6
		dynpc $6DB, 3
		dynpc $6DE, 4
		dynpc $6E2, 3
		dynpe

.f67		dynpc $6E5, 12
		dynpc $6F1, 3
		dynpe

.f68		dynpc $6F4, 12
		dynpe

.f69		dynpc $700, 8
		dynpc $708, 3
		dynpe

.f70		dynpc $70B, 12
		dynpe

.f71		dynpc $717, 2
		dynpc $719, 12
		dynpe

.f72		dynpc $725, 3
		dynpc $728, 8
		dynpc $730, 6
		dynpe

.f73		dynpc $736, 9
		dynpc $73F, 4
		dynpc $743, 4
		dynpc $747, 3
		dynpe

.f74		dynpc $74A, 3
		dynpc $74D, 8
		dynpc $755, 3
		dynpc $758, 4
		dynpe

.f75		dynpc $75C, 6
		dynpc $762, 4
		dynpc $766, 3
		dynpe

.f76		dynpc $769, 3
		dynpc $76C, 8
		dynpc $774, 3
		dynpe

.f77		dynpc $777, 2
		dynpc $779, 8
		dynpc $781, 2
		dynpe

.f78		dynpc $783, 16
		dynpe

.f79		dynpc $793, 1
		dynpc $794, 8
		dynpc $79C, 1
		dynpc $79D, 8
		dynpe

.f80		dynpc $7A5, 2
		dynpc $7A7, 3
		dynpc $7AA, 9
		dynpc $7B3, 4
		dynpe

.f81		dynpc $7B7, 2
		dynpc $7B9, 12
		dynpe

.f82		dynpc $7C5, 2
		dynpc $7C7, 8
		dynpc $7CF, 2
		dynpe

.f83		dynpc $7D1, 1
		dynpc $7D2, 9
		dynpc $7DB, 2
		dynpe

.f84		dynpc $7DD, 16
		dynpc $7ED, 1
		dynpe

.f85		dynpc $800, 3
		dynpc $803, 8
		dynpc $80B, 3
		dynpc $80E, 3
		dynpe

.f86		dynpc $811, 3
		dynpc $814, 8
		dynpc $81C, 6
		dynpe

.f87		dynpc $822, 12
		dynpc $82E, 4
		dynpe

.f88		dynpc $832, 12
		dynpc $83E, 3
		dynpe

.f89		dynpc $841, 3
		dynpc $844, 4
		dynpc $848, 3
		dynpc $84B, 8
		dynpe

.f90		dynpc $853, 9
		dynpc $85C, 4
		dynpc $860, 3
		dynpe

.f91		dynpc $863, 12
		dynpc $86F, 3
		dynpe

.f92		dynpc $872, 9
		dynpc $87B, 6
		dynpc $881, 1
		dynpe

.f93		dynpc $882, 12
		dynpe

.f94		dynpc $88E, 12
		dynpc $89A, 3
		dynpe

.f95		dynpc $89D, 4
		dynpc $8A1, 12
		dynpc $8AD, 1
		dynpe

.f96		dynpc $8AE, 12
		dynpe

.f97		dynpc $8BA, 1
		dynpc $8BB, 12
		dynpe

.f98		dynpc $8C7, 9
		dynpc $8D0, 6
		dynpe

.f99		dynpc $8D6, 9
		dynpc $8DF, 4
		dynpc $8E3, 3
		dynpe

.f100		dynpc $8E6, 12
		dynpe

.f101		dynpc $8F2, 12
		dynpc $8FE, 3
		dynpe

.f102		dynpc $901, 3
		dynpc $904, 2
		dynpc $906, 12
		dynpe

.f103		dynpc $912, 12
		dynpe

.f104		dynpc $91E, 1
		dynpc $91F, 12
		dynpe

.f105		dynpc $92B, 12
		dynpc $937, 3
		dynpe

.f106		dynpc $93A, 2
		dynpc $93C, 4
		dynpc $940, 6
		dynpc $946, 2
		dynpe

.f107		dynpc $948, 1
		dynpc $949, 8
		dynpc $951, 3
		dynpe

.f108		dynpc $954, 1
		dynpc $955, 8
		dynpc $95D, 3
		dynpe

.f109		dynpc $960, 6
		dynpc $966, 12
		dynpe

.f110		dynpc $972, 1
		dynpc $973, 9
		dynpc $97C, 4
		dynpe

.f111		dynpc $980, 2
		dynpc $982, 6
		dynpc $988, 4
		dynpe

.f112		dynpc $98C, 6
		dynpc $992, 4
		dynpc $996, 2
		dynpe

.f113		dynpc $998, 1
		dynpc $999, 12
		dynpe

.f114		dynpc $9A5, 2
		dynpc $9A7, 1
		dynpc $9A8, 1
		dynpc $9A9, 12
		dynpe

.f115		dynpc $9B5, 2
		dynpc $9B7, 12
		dynpc $9C3, 3
		dynpe

.f116		dynpc $9C6, 2
		dynpc $9C8, 8
		dynpc $9D0, 3
		dynpe

.f117		dynpc $9D3, 1
		dynpc $9D4, 9
		dynpe

.f118		dynpc $9DD, 3
		dynpc $9E0, 8
		dynpc $9E8, 3
		dynpe

.f119		dynpc $9EB, 12
		dynpe

.f120		dynpc $9F7, 4
		dynpc $9FB, 3
		dynpc $9FE, 8
		dynpc $A06, 8
		dynpe

.f121		dynpc $A0E, 2
		dynpc $A10, 12
		dynpc $A1C, 6
		dynpc $A22, 3
		dynpe

.f122		dynpc $A25, 3
		dynpc $A28, 12
		dynpc $A34, 8
		dynpe

.f123		dynpc $A3C, 3
		dynpc $A3F, 2
		dynpc $A41, 2
		dynpc $A43, 16
		dynpe

.f124		dynpc $9F7, 4
		dynpc $9FB, 3
		dynpc $9FE, 8
		dynpc $A06, 8
		dynpe

.f125		dynpc $A0E, 2
		dynpc $A10, 12
		dynpc $A1C, 6
		dynpc $A22, 3
		dynpe

.f126		dynpc $A25, 3
		dynpc $A28, 12
		dynpc $A34, 8
		dynpe

.f127		dynpc $A3C, 3
		dynpc $A3F, 2
		dynpc $A41, 2
		dynpc $A43, 16
		dynpe

.f128		dynpc $A53, 12
		dynpc $A5F, 1
		dynpc $A60, 2
		dynpc $A62, 6
		dynpe

.f129		dynpc $A68, 4
		dynpc $A6C, 8
		dynpc $A74, 4
		dynpc $A78, 3
		dynpe

.f130		dynpc $A7B, 3
		dynpc $A7E, 4
		dynpc $A82, 12
		dynpe

.f131		dynpc $A8E, 1
		dynpc $A8F, 8
		dynpc $A97, 3
		dynpc $A9A, 6
		dynpe

.f132		dynpc $AA0, 12
		dynpc $AAC, 6
		dynpc $AB2, 2
		dynpe

.f133		dynpc $AB4, 12
		dynpc $AC0, 6
		dynpe

.f134		dynpc $AC6, 3
		dynpc $AC9, 8
		dynpc $AD1, 3
		dynpe

.f135		dynpc $AD4, 12
		dynpc $AE0, 3
		dynpe

.f136		dynpc $AE3, 12
		dynpc $AE0, 3
		dynpe

.f137		dynpc $AEF, 12
		dynpc $AE0, 3
		dynpe

.f138		dynpc $AFB, 12
		dynpc $AE0, 3
		dynpe

.f139		dynpc $B07, 12
		dynpc $AE0, 3
		dynpe

.f140		dynpc $B13, 12
		dynpc $B1F, 3
		dynpc $B22, 3
		dynpe

.f141		dynpc $B25, 12
		dynpc $B1F, 3
		dynpc $B22, 3
		dynpe

.f142		dynpc $7EF, 12
		dynpc $7FB, 4
		dynpe

.f143		dynpc $B31, 4
		dynpc $B35, 4
		dynpc $B39, 9
		dynpe

.f144		dynpc $B42, 6
		dynpc $B48, 4
		dynpc $B4C, 3
		dynpc $B4F, 6
		dynpe

.f145		dynpc $B55, 6
		dynpc $B5B, 4
		dynpc $B5F, 3
		dynpc $B62, 8
		dynpe

.f146		dynpc $B6A, 3
		dynpc $B6D, 12
		dynpc $B79, 1
		dynpc $B7A, 2
		dynpe

.f147		dynpc $B6A, 3
		dynpc $B7C, 12
		dynpe

.f148		dynpc $B88, 8
		dynpc $B93, 2
		dynpc $B95, 6
		dynpc $B9B, 4
		dynpc $B9F, 3
		dynpe

.f149		dynpc $B90, 3
		dynpc $B93, 2
		dynpc $B95, 6
		dynpc $B9B, 4
		dynpc $B9F, 3
		dynpe

.f150		dynpc $BA2, 16
		dynpe

.f151		dynpc $BB2, 16
		dynpe

.f152		dynpc $BC2, 16
		dynpe

.f153		dynpc $BD2, 16
		dynpe

.f154		dynpc $BE2, 16
		dynpe

.f155		dynpc $BF2, 1
		dynpc $BF3, 12
		dynpe

.f156		dynpc $BFF, 1
		dynpc $C00, 12
		dynpe

.f157		dynpc $C0C, 9
		dynpc $C15, 2
		dynpc $C17, 4
		dynpc $C1B, 3
		dynpe

.f158		dynpc $C0C, 9
		dynpc $C1E, 2
		dynpc $C20, 4
		dynpc $C24, 3
		dynpe

.f159		dynpc $C27, 3
		dynpc $C2A, 8
		dynpc $C32, 3
		dynpc $C35, 2
		dynpe

.f160		dynpc $C37, 3
		dynpc $C3A, 12
		dynpc $C46, 3
		dynpe

.f161		dynpc $C49, 8
		dynpc $C51, 1
		dynpc $C52, 9
		dynpe

.f162		dynpc $C5B, 1
		dynpc $C5C, 12
		dynpc $C68, 1
		dynpc $C69, 6
		dynpe

.f163		dynpc $C6F, 1
		dynpc $C70, 16
		dynpc $C80, 3
		dynpe

.f164		dynpc $C83, 3
		dynpc $C86, 12
		dynpc $C92, 2
		dynpc $C94, 3
		dynpe

.f165		dynpc $C97, 16
		dynpc $CA7, 1
		dynpc $CA8, 3
		dynpe

.f166		dynpc $C83, 3
		dynpc $CAB, 12
		dynpc $CB7, 2
		dynpc $CB9, 3
		dynpe

.f167		dynpc $CBC, 3
		dynpc $CBF, 16
		dynpc $CCF, 1
		dynpe

.f168		dynpc $CD0, 3
		dynpc $CD3, 16
		dynpc $CCF, 1
		dynpe

.f169		dynpc $CE3, 2
		dynpc $CE5, 16
		dynpc $CCF, 1
		dynpe

.f170		dynpc $CF5, 12
		dynpc $D01, 1
		dynpc $D02, 6
		dynpe

.f171		dynpc $D08, 12
		dynpc $D14, 1
		dynpc $D15, 6
		dynpe

.f172		dynpc $D1B, 16
		dynpc $D2B, 1
		dynpc $D2C, 2
		dynpc $D2E, 2
		dynpe

.f173		dynpc $D30, 3
		dynpc $D33, 8
		dynpc $D3B, 2
		dynpc $D3D, 3
		dynpe

.f174		dynpc $D30, 3
		dynpc $D40, 8
		dynpc $D3B, 2
		dynpc $D3D, 3
		dynpe

.f175		dynpc $D48, 3
		dynpc $D4B, 4
		dynpc $D4F, 8
		dynpc $D3D, 3
		dynpe

.f176		dynpc $D76, 8
		dynpc $D7E, 9
		dynpe

.f177		dynpc $D87, 3
		dynpc $D8A, 8
		dynpc $D92, 6
		dynpe

.f178		dynpc $D87, 3
		dynpc $D98, 8
		dynpc $D92, 6
		dynpe

.f179		dynpc $D87, 3
		dynpc $DA0, 8
		dynpc $D92, 6
		dynpe

.f180		dynpc $DA8, 12
		dynpc $DB4, 3
		dynpc $DB7, 4
		dynpe

.f181		dynpc $DBB, 12
		dynpc $DC7, 3
		dynpc $DCA, 4
		dynpe

.f182		dynpc $DCE, 2
		dynpc $DD0, 9
		dynpc $DD9, 4
		dynpe

.f183		dynpc $DCE, 2
		dynpc $DDD, 9
		dynpc $DE6, 2
		dynpe

.f184		dynpc $DCE, 2
		dynpc $DE8, 6
		dynpc $DEE, 8
		dynpe

.f185		dynpc $DCE, 2
		dynpc $DF6, 9
		dynpc $DFF, 2
		dynpe

.f186		dynpc $E01, 9
		dynpc $811, 3
		dynpc $E0A, 4
		dynpc $815, 1
		dynpe

.f187		dynpc $E0E, 3
		dynpc $E11, 8
		dynpc $E19, 6
		dynpe

.f188		dynpc $E1F, 3
		dynpc $E22, 8
		dynpc $E2A, 3
		dynpc $E2D, 3
		dynpe

.f189		dynpc $D87, 3
		dynpc $E30, 8
		dynpc $E2A, 3
		dynpc $E2D, 3
		dynpe

.f190		dynpc $D87, 3
		dynpc $E30, 8
		dynpc $E2A, 3
		dynpc $E38, 3
		dynpe

.f191		dynpc $D87, 3
		dynpc $E3B, 8
		dynpc $E2A, 3
		dynpc $E2D, 3
		dynpe

.f192		dynpc $D87, 3
		dynpc $E3B, 8
		dynpc $E2A, 3
		dynpc $E38, 3
		dynpe

.f193		dynpc $E43, 12
		dynpc $E4F, 4
		dynpe

.f194		dynpc $E53, 3
		dynpc $E56, 8
		dynpc $E5E, 3
		dynpc $E4F, 4
		dynpe

.f195		dynpc $E61, 3
		dynpc $E64, 8
		dynpc $E6C, 3
		dynpc $E6F, 3
		dynpe

.f196		dynpc $E72, 3
		dynpc $E75, 4
		dynpc $E79, 4
		dynpc $E7D, 6
		dynpe

.f197		dynpc $E83, 12
		dynpc $E8F, 3
		dynpc $E6F, 3
		dynpe

.f198		dynpc $E92, 3
		dynpc $E95, 8
		dynpc $E9D, 3
		dynpc $EA0, 3
		dynpe

.f199		dynpc $EA3, 3
		dynpc $EA6, 4
		dynpc $EAA, 6
		dynpc $E6F, 3
		dynpe

.f200		dynpc $EB0, 9
		dynpc $EB9, 2
		dynpc $EBB, 3
		dynpe

.f201		dynpc $EBE, 6
		dynpc $EC4, 4
		dynpc $EC8, 1
		dynpe

.f202		dynpc $EC9, 6
		dynpc $ECF, 4
		dynpe

.f203		dynpc $EBE, 6
		dynpc $EC4, 4
		dynpc $EC8, 1
		dynpe

.f204		dynpc $EB0, 9
		dynpc $EB9, 2
		dynpc $EBB, 3
		dynpe

.f205		dynpc $ED3, 12
		dynpc $EDF, 1
		dynpe

.f206		dynpc $EE0, 6
		dynpc $EE6, 4
		dynpe

.f207		dynpc $ED3, 12
		dynpc $EDF, 1
		dynpe

.f208		dynpc $B13, 12
		dynpc $B1F, 3
		dynpc $B22, 3
		dynpe

.f209		dynpc $B25, 12
		dynpc $B1F, 3
		dynpc $B22, 3
		dynpe

.f210		dynpc $F1C, 12
		dynpe

.f211		dynpc $F28, 6
		dynpc $F2E, 8
		dynpc $F36, 6
		dynpe

.f212		dynpc $F3C, 16
		dynpc $F4C, 6
		dynpe

.f213		dynpc $F52, 9
		dynpc $F5B, 4
		dynpc $F5F, 6
		dynpe

.f214		dynpc $F65, 9
		dynpc $F5B, 4
		dynpc $F5F, 6
		dynpe

.f215		dynpc $B13, 12
		dynpc $B1F, 3
		dynpc $B22, 3
		dynpe

.f216		dynpc $B25, 12
		dynpc $B1F, 3
		dynpc $B22, 3
		dynpe

.f217		dynpc $D57, 12
		dynpc $D63, 1
		dynpc $D64, 4
		dynpc $D68, 3
		dynpe

.f218		dynpc $000, 6
		dynpc $006, 8
		dynpc $00E, 2
		dynpe

.f219		dynpc $000, 6
		dynpc $006, 8
		dynpc $00E, 2
		dynpe

.f220		dynpc $000, 6
		dynpc $006, 8
		dynpc $00E, 2
		dynpe

.f221		dynpc $000, 6
		dynpc $006, 8
		dynpc $00E, 2
		dynpe

.f222		dynpc $000, 6
		dynpc $006, 8
		dynpc $00E, 2
		dynpe

.f223		dynpc $000, 6
		dynpc $006, 8
		dynpc $00E, 2
		dynpe

.f224		dynpc $010, 12
		dynpe

.f225		dynpc $01C, 12
		dynpc $028, 3
		dynpe

.f226		dynpc $02B, 6
		dynpc $031, 4
		dynpc $035, 3
		dynpc $038, 2
		dynpe

.f227		dynpc $03A, 12
		dynpc $046, 4
		dynpc $04A, 3
		dynpc $04D, 2
		dynpe

.f228		dynpc $04F, 6
		dynpc $055, 8
		dynpc $05D, 2
		dynpc $05F, 3
		dynpe

.f229		dynpc $062, 6
		dynpc $068, 4
		dynpc $06C, 3
		dynpc $06F, 6
		dynpe

.f230		dynpc $075, 12
		dynpc $081, 2
		dynpc $083, 3
		dynpe

.f231		dynpc $086, 12
		dynpc $092, 6
		dynpe

.f232		dynpc $098, 6
		dynpc $09E, 4
		dynpc $0A2, 3
		dynpc $0A5, 6
		dynpe

.f233		dynpc $0AB, 4
		dynpc $0AF, 9
		dynpc $0B8, 6
		dynpe

.f234		dynpc $0BE, 12
		dynpc $0CA, 6
		dynpe

.f235		dynpc $0D0, 6
		dynpc $0D6, 4
		dynpc $0DA, 3
		dynpc $0DD, 8
		dynpe

.f236		dynpc $0E5, 2
		dynpc $0E7, 16
		dynpc $0F7, 6
		dynpe

.f237		dynpc $0FD, 6
		dynpc $103, 8
		dynpc $10B, 6
		dynpe

.f238		dynpc $111, 2
		dynpc $113, 8
		dynpc $11B, 4
		dynpc $11F, 4
		dynpe

.f239		dynpc $123, 16
		dynpc $133, 3
		dynpe

.f240		dynpc $136, 12
		dynpc $142, 3
		dynpc $145, 2
		dynpe

.f241		dynpc $147, 12
		dynpc $153, 3
		dynpe

.f242		dynpc $156, 12
		dynpc $162, 1
		dynpe

.f243		dynpc $163, 12
		dynpc $16F, 3
		dynpe

.f244		dynpc $172, 8
		dynpc $17A, 3
		dynpc $17D, 4
		dynpc $181, 3
		dynpe

.f245		dynpc $184, 3
		dynpc $187, 12
		dynpc $193, 3
		dynpe

.f246		dynpc $196, 16
		dynpc $1A6, 3
		dynpe

.f247		dynpc $1A9, 12
		dynpc $1B5, 2
		dynpe

.f248		dynpc $1B7, 9
		dynpc $1C0, 2
		dynpc $1C2, 3
		dynpe

.f249		dynpc $1C5, 12
		dynpc $1D1, 2
		dynpe

.f250		dynpc $1D3, 12
		dynpc $1DF, 6
		dynpe
